// Vitest Snapshot v1, https://vitest.dev/guide/snapshot.html

exports[`renderSchedule > renders nested tasks correctly 1`] = `
"        00:00:00 00:00:01 00:00:02 00:00:03
A       ████
  B     ░███
    C   ░░██
      D ░░░█"
`;

exports[`renderSchedule > renders simple schedule snapshot 1`] = `
"       00:00:00 00:00:01 00:00:02 00:00:03
Task A ███░
  長い   ░███"
`;
